
Allocating common symbols
Common symbol       size              file

cpu_ms_loopcnt      0x4               standby_clock.o
pm_info             0x14              standby.o

Memory Configuration

Name             Origin             Length             Attributes
*default*        0x00000000         0xffffffff

Linker script and memory map

                0x00000000                __standby_start = .

.text           0xf0000000     0x2658
 standby.o(.text)
 .text          0xf0000000      0x3ac standby.o
                0xf0000000                main
 *(.text)
 .text          0xf00003ac       0x3c common.o
                0xf00003ac                standby_memcpy
                0xf00003d4                standby_mdelay
 .text          0xf00003e8      0x124 stack.o
                0xf00003e8                save_sp
                0xf00003f4                restore_sp
                0xf00003fc                standby_flush_tlb
                0xf000040c                standby_preload_tlb
 .text          0xf000050c      0x580 standby_clock.o
                0xf000050c                standby_clk_init
                0xf00005a0                standby_clk_exit
                0xf00005e4                standby_clk_core2losc
                0xf0000614                standby_clk_core2hosc
                0xf0000648                standby_clk_core2pll
                0xf000067c                standby_clk_plldisable
                0xf00006e4                standby_clk_pllenable
                0xf000074c                standby_clk_hoscdisable
                0xf000076c                standby_clk_hoscenable
                0xf000078c                standby_clk_ldodisable
                0xf00007d4                standby_clk_ldoenable
                0xf000081c                standby_clk_setdiv
                0xf000087c                standby_clk_getdiv
                0xf00008d4                standby_clk_set_pll_factor
                0xf0000938                standby_clk_get_pll_factor
                0xf000098c                standby_clk_dramgating
                0xf00009bc                standby_clk_apb2losc
                0xf00009e0                standby_clk_apb2hosc
                0xf0000a00                standby_clk_apbinit
                0xf0000a40                standby_clk_apbexit
 .text          0xf0000a8c      0x168 standby_int.o
                0xf0000a8c                standby_int_init
                0xf0000b20                standby_int_exit
                0xf0000b7c                standby_enable_int
                0xf0000bc4                standby_query_int
 .text          0xf0000bf4       0x20 standby_ir.o
                0xf0000bf4                standby_ir_init
                0xf0000bfc                standby_ir_exit
                0xf0000c04                standby_ir_detect
                0xf0000c0c                standby_ir_verify
 .text          0xf0000c14       0xa0 standby_key.o
                0xf0000c14                standby_key_init
                0xf0000c6c                standby_key_exit
                0xf0000c8c                standby_query_key
 .text          0xf0000cb4      0x698 standby_power.o
                0xf0000d48                standby_power_init
                0xf0000f94                standby_power_exit
                0xf00011b0                standby_set_voltage
                0xf00012d8                standby_get_voltage
 .text          0xf000134c      0x1f0 standby_tmr.o
                0xf000134c                standby_tmr_init
                0xf00013d4                standby_tmr_exit
                0xf0001420                standby_tmr_set
                0xf0001470                standby_tmr_enable_watchdog
                0xf0001494                standby_tmr_disable_watchdog
                0xf00014bc                standby_tmr_query
                0xf00014ec                standby_tmr_mdlay
 .text          0xf000153c      0x340 standby_twi.o
                0xf000153c                standby_twi_init
                0xf000158c                standby_twi_exit
                0xf00015d4                twi_byte_rw
 .text          0xf000187c       0x20 standby_usb.o
                0xf000187c                standby_usb_init
                0xf0001884                standby_usb_exit
                0xf000188c                standby_is_usb_status_change
                0xf0001894                standby_query_usb_event
 .text          0xf000189c       0x34 standby_delay.o
                0xf000189c                standby_delay
                0xf00018c4                standby_delay_cycle
 .text          0xf00018d0      0x368 pm_debug.o
                0xf0001920                busy_waiting
                0xf0001940                fake_busy_waiting
                0xf0001960                save_mem_flag
                0xf0001978                save_mem_status
                0xf0001988                get_mem_status
                0xf0001998                save_mem_status_nommu
                0xf00019a8                save_sun5i_mem_status
                0xf00019cc                save_sun5i_mem_status_nommu
                0xf00019f0                get_cyclecount
                0xf00019f8                backup_perfcounter
                0xf0001a14                init_perfcounters
                0xf0001a40                restore_perfcounter
                0xf0001a60                reset_counter
                0xf0001a74                change_runtime_env
                0xf0001b5c                delay_us
                0xf0001bb0                delay_ms
                0xf0001bbc                io_init
                0xf0001bd4                io_init_high
                0xf0001bec                io_init_low
                0xf0001c04                io_high
 .text          0xf0001c38      0x3e0 dram/dram.o
                0xf0001c38                mctl_precharge_all
                0xf0001c64                mctl_mode_exit
                0xf0001c90                DRAMC_enter_power_down
                0xf0001cbc                DRAMC_exit_power_down
                0xf0001cc0                DRAMC_hostport_on_off
                0xf0001ce8                DRAMC_exit_selfrefresh
                0xf0001d4c                DRAMC_enter_selfrefresh
                0xf0001dac                DRAMC_hostport_check_ahb_fifo_status
                0xf0001dcc                DRAMC_hostport_setup
                0xf0001e14                mctl_ahb_reset
                0xf0001e44                DRAMC_retraining
                0xf0001fe0                dram_power_save_process
                0xf0001ff8                dram_power_up_process
                0xf0001ffc                dram_enter_selfrefresh
                0xf0002000                dram_exit_selfrefresh
                0xf0002004                dram_enter_power_down
                0xf0002008                dram_exit_power_down
                0xf000200c                dram_hostport_on_off
                0xf0002010                dram_hostport_check_ahb_fifo_status
                0xf0002014                dram_hostport_setup
 .text          0xf0002018      0x640 dram/dram_init.o
                0xf0002018                mctl_ddr3_reset
                0xf0002048                mctl_set_drive
                0xf0002068                mctl_itm_disable
                0xf0002084                mctl_itm_enable
                0xf000209c                mctl_enable_dll0
                0xf00020f0                mctl_enable_dllx
                0xf00021c8                mctl_disable_dll
                0xf0002224                mctl_configure_hostport
                0xf0002258                mctl_setup_dram_clock
                0xf0002358                DRAMC_exit
                0xf0002360                DRAMC_scan_readpipe
                0xf0002394                DRAMC_clock_output_en
                0xf00023b4                DRAMC_set_autorefresh_cycle
                0xf00023e4                DRAMC_get_dram_size
                0xf0002458                DRAMC_init
                0xf0002634                dram_init
                0xf000263c                dram_exit
                0xf0002644                dram_get_size
                0xf0002648                dram_set_clock
                0xf000264c                dram_set_drive
                0xf0002650                dram_set_autorefresh_cycle
                0xf0002654                dram_scan_readpipe

.glue_7         0xf0002658        0x0
 .glue_7        0x00000000        0x0 linker stubs

.glue_7t        0xf0002658        0x0
 .glue_7t       0x00000000        0x0 linker stubs

.vfp11_veneer   0xf0002658        0x0
 .vfp11_veneer  0x00000000        0x0 linker stubs

.v4_bx          0xf0002658        0x0
 .v4_bx         0x00000000        0x0 linker stubs

.rodata         0xf0002658       0x4c
 *(.rodata)
 .rodata        0xf0002658       0x40 standby_power.o
 .rodata        0xf0002698        0xc standby_twi.o

.data           0xf00026a4      0x128
 *(.data)
 .data          0xf00026a4        0x0 standby.o
 .data          0xf00026a4        0x0 common.o
 .data          0xf00026a4        0x0 stack.o
 .data          0xf00026a4        0x0 standby_clock.o
 .data          0xf00026a4        0x0 standby_int.o
 .data          0xf00026a4        0x0 standby_ir.o
 .data          0xf00026a4        0x0 standby_key.o
 .data          0xf00026a4       0xa8 standby_power.o
 .data          0xf000274c        0x0 standby_tmr.o
 .data          0xf000274c        0x0 standby_twi.o
 .data          0xf000274c        0x0 standby_usb.o
 .data          0xf000274c        0x0 standby_delay.o
 .data          0xf000274c        0x0 pm_debug.o
 .data          0xf000274c        0x0 dram/dram.o
 .data          0xf000274c       0x80 dram/dram_init.o
                0xf000274c                hpcr_value
                0xf00027cc                __bss_start = .

.bss            0xf00027cc      0x110
 *(.sbss)
 *(.scommon)
 *(.bss)
 .bss           0xf00027cc       0x64 standby.o
 .bss           0xf0002830        0x0 common.o
 .bss           0xf0002830        0x0 stack.o
 .bss           0xf0002830       0x24 standby_clock.o
 .bss           0xf0002854       0x28 standby_int.o
 .bss           0xf000287c        0x0 standby_ir.o
 .bss           0xf000287c        0xc standby_key.o
 .bss           0xf0002888        0x0 standby_power.o
 .bss           0xf0002888       0x20 standby_tmr.o
 .bss           0xf00028a8        0xc standby_twi.o
 .bss           0xf00028b4        0x0 standby_usb.o
 .bss           0xf00028b4        0x0 standby_delay.o
 .bss           0xf00028b4       0x10 pm_debug.o
 .bss           0xf00028c4        0x0 dram/dram.o
 .bss           0xf00028c4        0x0 dram/dram_init.o
 *(COMMON)
 COMMON         0xf00028c4       0x14 standby.o
                0xf00028c4                pm_info
 COMMON         0xf00028d8        0x4 standby_clock.o
                0xf00028d8                cpu_ms_loopcnt
                0xf00028dc                __bss_end = .
                0xf00028dc                __standby_end = .
LOAD common.o
LOAD standby.o
LOAD stack.o
LOAD standby_clock.o
LOAD standby_int.o
LOAD standby_ir.o
LOAD standby_key.o
LOAD standby_power.o
LOAD standby_tmr.o
LOAD standby_twi.o
LOAD standby_usb.o
LOAD standby_delay.o
LOAD pm_debug.o
LOAD dram/dram.o
LOAD dram/dram_init.o
OUTPUT(standby.elf elf32-littlearm)

.debug_abbrev   0x00000000     0x10d8
 .debug_abbrev  0x00000000      0x16f standby.o
 .debug_abbrev  0x0000016f       0x9c common.o
 .debug_abbrev  0x0000020b       0x14 stack.o
 .debug_abbrev  0x0000021f      0x1a6 standby_clock.o
 .debug_abbrev  0x000003c5      0x105 standby_int.o
 .debug_abbrev  0x000004ca       0x4e standby_ir.o
 .debug_abbrev  0x00000518       0xaf standby_key.o
 .debug_abbrev  0x000005c7      0x1bb standby_power.o
 .debug_abbrev  0x00000782      0x134 standby_tmr.o
 .debug_abbrev  0x000008b6      0x17f standby_twi.o
 .debug_abbrev  0x00000a35       0x76 standby_usb.o
 .debug_abbrev  0x00000aab       0x14 standby_delay.o
 .debug_abbrev  0x00000abf      0x1ba pm_debug.o
 .debug_abbrev  0x00000c79      0x225 dram/dram.o
 .debug_abbrev  0x00000e9e      0x23a dram/dram_init.o

.debug_info     0x00000000     0x4ad8
 .debug_info    0x00000000      0x40e standby.o
 .debug_info    0x0000040e      0x11b common.o
 .debug_info    0x00000529       0x65 stack.o
 .debug_info    0x0000058e     0x21f5 standby_clock.o
 .debug_info    0x00002783      0x35a standby_int.o
 .debug_info    0x00002add       0xc9 standby_ir.o
 .debug_info    0x00002ba6      0x17a standby_key.o
 .debug_info    0x00002d20      0x3c7 standby_power.o
 .debug_info    0x000030e7      0x538 standby_tmr.o
 .debug_info    0x0000361f      0x2c0 standby_twi.o
 .debug_info    0x000038df       0xe8 standby_usb.o
 .debug_info    0x000039c7       0x6d standby_delay.o
 .debug_info    0x00003a34      0x4e8 pm_debug.o
 .debug_info    0x00003f1c      0x553 dram/dram.o
 .debug_info    0x0000446f      0x669 dram/dram_init.o

.debug_line     0x00000000      0xe4b
 .debug_line    0x00000000      0x16b standby.o
 .debug_line    0x0000016b       0x72 common.o
 .debug_line    0x000001dd       0x6e stack.o
 .debug_line    0x0000024b      0x194 standby_clock.o
 .debug_line    0x000003df       0xa3 standby_int.o
 .debug_line    0x00000482       0x55 standby_ir.o
 .debug_line    0x000004d7       0x7b standby_key.o
 .debug_line    0x00000552      0x191 standby_power.o
 .debug_line    0x000006e3       0xca standby_tmr.o
 .debug_line    0x000007ad       0xfe standby_twi.o
 .debug_line    0x000008ab       0x56 standby_usb.o
 .debug_line    0x00000901       0x49 standby_delay.o
 .debug_line    0x0000094a      0x10c pm_debug.o
 .debug_line    0x00000a56      0x187 dram/dram.o
 .debug_line    0x00000bdd      0x26e dram/dram_init.o

.debug_loc      0x00000000     0x1c88
 .debug_loc     0x00000000       0x5c standby.o
 .debug_loc     0x0000005c       0x95 common.o
 .debug_loc     0x000000f1       0x78 standby_clock.o
 .debug_loc     0x00000169       0xeb standby_int.o
 .debug_loc     0x00000254       0x20 standby_key.o
 .debug_loc     0x00000274      0x59d standby_power.o
 .debug_loc     0x00000811       0x96 standby_tmr.o
 .debug_loc     0x000008a7      0x28d standby_twi.o
 .debug_loc     0x00000b34       0x13 standby_usb.o
 .debug_loc     0x00000b47      0x5a1 pm_debug.o
 .debug_loc     0x000010e8      0x4a2 dram/dram.o
 .debug_loc     0x0000158a      0x6fe dram/dram_init.o

.debug_pubnames
                0x00000000      0xb4d
 .debug_pubnames
                0x00000000       0x27 standby.o
 .debug_pubnames
                0x00000027       0x38 common.o
 .debug_pubnames
                0x0000005f      0x226 standby_clock.o
 .debug_pubnames
                0x00000285       0x69 standby_int.o
 .debug_pubnames
                0x000002ee       0x66 standby_ir.o
 .debug_pubnames
                0x00000354       0x52 standby_key.o
 .debug_pubnames
                0x000003a6       0x70 standby_power.o
 .debug_pubnames
                0x00000416       0xbd standby_tmr.o
 .debug_pubnames
                0x000004d3       0x4c standby_twi.o
 .debug_pubnames
                0x0000051f       0x79 standby_usb.o
 .debug_pubnames
                0x00000598      0x19a pm_debug.o
 .debug_pubnames
                0x00000732      0x223 dram/dram.o
 .debug_pubnames
                0x00000955      0x1f8 dram/dram_init.o

.debug_pubtypes
                0x00000000      0xcb2
 .debug_pubtypes
                0x00000000       0xa8 standby.o
 .debug_pubtypes
                0x000000a8       0x1c common.o
 .debug_pubtypes
                0x000000c4      0x938 standby_clock.o
 .debug_pubtypes
                0x000009fc       0x53 standby_int.o
 .debug_pubtypes
                0x00000a4f       0x1c standby_ir.o
 .debug_pubtypes
                0x00000a6b       0x54 standby_key.o
 .debug_pubtypes
                0x00000abf       0x63 standby_power.o
 .debug_pubtypes
                0x00000b22       0x69 standby_tmr.o
 .debug_pubtypes
                0x00000b8b       0x63 standby_twi.o
 .debug_pubtypes
                0x00000bee       0x26 standby_usb.o
 .debug_pubtypes
                0x00000c14       0x26 pm_debug.o
 .debug_pubtypes
                0x00000c3a       0x26 dram/dram.o
 .debug_pubtypes
                0x00000c60       0x52 dram/dram_init.o

.debug_aranges  0x00000000      0x1e0
 .debug_aranges
                0x00000000       0x20 standby.o
 .debug_aranges
                0x00000020       0x20 common.o
 .debug_aranges
                0x00000040       0x20 stack.o
 .debug_aranges
                0x00000060       0x20 standby_clock.o
 .debug_aranges
                0x00000080       0x20 standby_int.o
 .debug_aranges
                0x000000a0       0x20 standby_ir.o
 .debug_aranges
                0x000000c0       0x20 standby_key.o
 .debug_aranges
                0x000000e0       0x20 standby_power.o
 .debug_aranges
                0x00000100       0x20 standby_tmr.o
 .debug_aranges
                0x00000120       0x20 standby_twi.o
 .debug_aranges
                0x00000140       0x20 standby_usb.o
 .debug_aranges
                0x00000160       0x20 standby_delay.o
 .debug_aranges
                0x00000180       0x20 pm_debug.o
 .debug_aranges
                0x000001a0       0x20 dram/dram.o
 .debug_aranges
                0x000001c0       0x20 dram/dram_init.o

.debug_ranges   0x00000000       0x30
 .debug_ranges  0x00000000       0x30 standby.o

.debug_str      0x00000000     0x2173
 .debug_str     0x00000000      0x3b4 standby.o
                                0x405 (size before relaxing)
 .debug_str     0x000003b4       0x4b common.o
                                 0xff (size before relaxing)
 .debug_str     0x000003ff      0xf63 standby_clock.o
                               0x1104 (size before relaxing)
 .debug_str     0x00001362       0xf3 standby_int.o
                                0x2fd (size before relaxing)
 .debug_str     0x00001455       0x51 standby_ir.o
                                0x100 (size before relaxing)
 .debug_str     0x000014a6       0xd2 standby_key.o
                                0x187 (size before relaxing)
 .debug_str     0x00001578      0x132 standby_power.o
                                0x281 (size before relaxing)
 .debug_str     0x000016aa      0x245 standby_tmr.o
                                0x377 (size before relaxing)
 .debug_str     0x000018ef      0x11c standby_twi.o
                                0x203 (size before relaxing)
 .debug_str     0x00001a0b       0x65 standby_usb.o
                                0x11f (size before relaxing)
 .debug_str     0x00001a70      0x1f9 pm_debug.o
                                0x308 (size before relaxing)
 .debug_str     0x00001c69      0x28c dram/dram.o
                                0x3a7 (size before relaxing)
 .debug_str     0x00001ef5      0x27e dram/dram_init.o
                                0x3e2 (size before relaxing)

.comment        0x00000000       0x2a
 .comment       0x00000000       0x2a standby.o
                                 0x2b (size before relaxing)
 .comment       0x00000000       0x2b common.o
 .comment       0x00000000       0x2b standby_clock.o
 .comment       0x00000000       0x2b standby_int.o
 .comment       0x00000000       0x2b standby_ir.o
 .comment       0x00000000       0x2b standby_key.o
 .comment       0x00000000       0x2b standby_power.o
 .comment       0x00000000       0x2b standby_tmr.o
 .comment       0x00000000       0x2b standby_twi.o
 .comment       0x00000000       0x2b standby_usb.o
 .comment       0x00000000       0x2b pm_debug.o
 .comment       0x00000000       0x2b dram/dram.o
 .comment       0x00000000       0x2b dram/dram_init.o

.note.GNU-stack
                0x00000000        0x0
 .note.GNU-stack
                0x00000000        0x0 standby.o
 .note.GNU-stack
                0x00000000        0x0 common.o
 .note.GNU-stack
                0x00000000        0x0 standby_clock.o
 .note.GNU-stack
                0x00000000        0x0 standby_int.o
 .note.GNU-stack
                0x00000000        0x0 standby_ir.o
 .note.GNU-stack
                0x00000000        0x0 standby_key.o
 .note.GNU-stack
                0x00000000        0x0 standby_power.o
 .note.GNU-stack
                0x00000000        0x0 standby_tmr.o
 .note.GNU-stack
                0x00000000        0x0 standby_twi.o
 .note.GNU-stack
                0x00000000        0x0 standby_usb.o
 .note.GNU-stack
                0x00000000        0x0 pm_debug.o
 .note.GNU-stack
                0x00000000        0x0 dram/dram.o
 .note.GNU-stack
                0x00000000        0x0 dram/dram_init.o

.ARM.attributes
                0x00000000       0x2d
 .ARM.attributes
                0x00000000       0x2f standby.o
 .ARM.attributes
                0x0000002f       0x2f common.o
 .ARM.attributes
                0x0000005e       0x1f stack.o
 .ARM.attributes
                0x0000007d       0x2f standby_clock.o
 .ARM.attributes
                0x000000ac       0x2f standby_int.o
 .ARM.attributes
                0x000000db       0x2f standby_ir.o
 .ARM.attributes
                0x0000010a       0x2f standby_key.o
 .ARM.attributes
                0x00000139       0x2f standby_power.o
 .ARM.attributes
                0x00000168       0x2f standby_tmr.o
 .ARM.attributes
                0x00000197       0x2f standby_twi.o
 .ARM.attributes
                0x000001c6       0x2f standby_usb.o
 .ARM.attributes
                0x000001f5       0x1f standby_delay.o
 .ARM.attributes
                0x00000214       0x2f pm_debug.o
 .ARM.attributes
                0x00000243       0x2f dram/dram.o
 .ARM.attributes
                0x00000272       0x2f dram/dram_init.o

.debug_frame    0x00000000      0x964
 .debug_frame   0x00000000       0x30 standby.o
 .debug_frame   0x00000030       0x30 common.o
 .debug_frame   0x00000060      0x150 standby_clock.o
 .debug_frame   0x000001b0       0x58 standby_int.o
 .debug_frame   0x00000208       0x50 standby_ir.o
 .debug_frame   0x00000258       0x4c standby_key.o
 .debug_frame   0x000002a4       0xac standby_power.o
 .debug_frame   0x00000350       0x94 standby_tmr.o
 .debug_frame   0x000003e4       0x54 standby_twi.o
 .debug_frame   0x00000438       0x50 standby_usb.o
 .debug_frame   0x00000488      0x1a0 pm_debug.o
 .debug_frame   0x00000628      0x194 dram/dram.o
 .debug_frame   0x000007bc      0x1a8 dram/dram_init.o
